---
source: src/app.rs
assertion_line: 2134
expression: terminal.backend()
---
"── src/lib.rs                                                                                                                     "
"@@ -1,3 +1,4 @@                                                                                                                   "
"   1  fn one() {}                                               │   1  fn one() {}                                                "
"   2 -fn two() {}                                               │   2 +fn two() -> u8 { 2 }                                       "
"                                                                │   3 +fn three() {}                                              "
"   3  fn end() {}                                               │   4  fn end() {}                                                "
"                                                                                                                                  "
"── src/main.rs                                                                                                                    "
"@@ -1 +1,2 @@                                                                                                                     "
"   1  fn main() {}                                              │   1  fn main() {}                                               "
"                                                                │   2 +// note                                                    "
"                                                                                                                                  "
"── README.md                                                                                                                      "
"@@ -1,2 +1,1 @@                                                                                                                   "
"   1 -old title                                                 │   1 +new title                                                  "
"   2 -old body                                                  │                                                                 "
"                                                                                                                                  "
"                                                                                                                                  "
"                                                                                                                                  "
" file 1/3  100%  [SPLIT LN HDR]  o fold  s sidebar  e edit  ? help  LIVE                                                          "
